Archive member included because of file (symbol)

/opt/Freescale/KDS_v3/toolchain/bin/../lib/gcc/arm-none-eabi/4.8.4/armv6-m/libgcc.a(_udivsi3.o)
                              ./utilities/fsl_str.o (__aeabi_uidiv)
/opt/Freescale/KDS_v3/toolchain/bin/../lib/gcc/arm-none-eabi/4.8.4/armv6-m/libgcc.a(_divsi3.o)
                              ./utilities/fsl_str.o (__aeabi_idiv)
/opt/Freescale/KDS_v3/toolchain/bin/../lib/gcc/arm-none-eabi/4.8.4/armv6-m/libgcc.a(_dvmd_tls.o)
                              /opt/Freescale/KDS_v3/toolchain/bin/../lib/gcc/arm-none-eabi/4.8.4/armv6-m/libgcc.a(_udivsi3.o) (__aeabi_idiv0)
/opt/Freescale/KDS_v3/toolchain/bin/../lib/gcc/arm-none-eabi/4.8.4/armv6-m/libgcc.a(_aeabi_uldivmod.o)
                              ./drivers/fsl_rtc.o (__aeabi_uldivmod)
/opt/Freescale/KDS_v3/toolchain/bin/../lib/gcc/arm-none-eabi/4.8.4/armv6-m/libgcc.a(_muldi3.o)
                              ./drivers/fsl_rtc.o (__aeabi_lmul)
/opt/Freescale/KDS_v3/toolchain/bin/../lib/gcc/arm-none-eabi/4.8.4/armv6-m/libgcc.a(bpabi.o)
                              /opt/Freescale/KDS_v3/toolchain/bin/../lib/gcc/arm-none-eabi/4.8.4/armv6-m/libgcc.a(_aeabi_uldivmod.o) (__gnu_uldivmod_helper)
/opt/Freescale/KDS_v3/toolchain/bin/../lib/gcc/arm-none-eabi/4.8.4/armv6-m/libgcc.a(unwind-arm.o)
                              ./source/main.o (__aeabi_unwind_cpp_pr1)
/opt/Freescale/KDS_v3/toolchain/bin/../lib/gcc/arm-none-eabi/4.8.4/armv6-m/libgcc.a(libunwind.o)
                              /opt/Freescale/KDS_v3/toolchain/bin/../lib/gcc/arm-none-eabi/4.8.4/armv6-m/libgcc.a(unwind-arm.o) (restore_core_regs)
/opt/Freescale/KDS_v3/toolchain/bin/../lib/gcc/arm-none-eabi/4.8.4/armv6-m/libgcc.a(pr-support.o)
                              /opt/Freescale/KDS_v3/toolchain/bin/../lib/gcc/arm-none-eabi/4.8.4/armv6-m/libgcc.a(unwind-arm.o) (__gnu_unwind_execute)
/opt/Freescale/KDS_v3/toolchain/bin/../lib/gcc/arm-none-eabi/4.8.4/armv6-m/libgcc.a(_divdi3.o)
                              /opt/Freescale/KDS_v3/toolchain/bin/../lib/gcc/arm-none-eabi/4.8.4/armv6-m/libgcc.a(bpabi.o) (__divdi3)
/opt/Freescale/KDS_v3/toolchain/bin/../lib/gcc/arm-none-eabi/4.8.4/armv6-m/libgcc.a(_udivdi3.o)
                              /opt/Freescale/KDS_v3/toolchain/bin/../lib/gcc/arm-none-eabi/4.8.4/armv6-m/libgcc.a(bpabi.o) (__udivdi3)
/opt/Freescale/KDS_v3/toolchain/bin/../lib/gcc/arm-none-eabi/4.8.4/armv6-m/libgcc.a(_clzsi2.o)
                              /opt/Freescale/KDS_v3/toolchain/bin/../lib/gcc/arm-none-eabi/4.8.4/armv6-m/libgcc.a(_divdi3.o) (__clzsi2)
/opt/Freescale/KDS_v3/toolchain/bin/../lib/gcc/arm-none-eabi/4.8.4/../../../../arm-none-eabi/lib/armv6-m/libg_s.a(lib_a-abort.o)
                              /opt/Freescale/KDS_v3/toolchain/bin/../lib/gcc/arm-none-eabi/4.8.4/armv6-m/libgcc.a(unwind-arm.o) (abort)
/opt/Freescale/KDS_v3/toolchain/bin/../lib/gcc/arm-none-eabi/4.8.4/../../../../arm-none-eabi/lib/armv6-m/libg_s.a(lib_a-exit.o)
                              /opt/Freescale/KDS_v3/toolchain/bin/../lib/gcc/arm-none-eabi/4.8.4/../../../../arm-none-eabi/lib/armv6-m/crt0.o (exit)
/opt/Freescale/KDS_v3/toolchain/bin/../lib/gcc/arm-none-eabi/4.8.4/../../../../arm-none-eabi/lib/armv6-m/libg_s.a(lib_a-impure.o)
                              /opt/Freescale/KDS_v3/toolchain/bin/../lib/gcc/arm-none-eabi/4.8.4/../../../../arm-none-eabi/lib/armv6-m/libg_s.a(lib_a-exit.o) (_global_impure_ptr)
/opt/Freescale/KDS_v3/toolchain/bin/../lib/gcc/arm-none-eabi/4.8.4/../../../../arm-none-eabi/lib/armv6-m/libg_s.a(lib_a-init.o)
                              /opt/Freescale/KDS_v3/toolchain/bin/../lib/gcc/arm-none-eabi/4.8.4/../../../../arm-none-eabi/lib/armv6-m/crt0.o (__libc_init_array)
/opt/Freescale/KDS_v3/toolchain/bin/../lib/gcc/arm-none-eabi/4.8.4/../../../../arm-none-eabi/lib/armv6-m/libg_s.a(lib_a-memcpy-stub.o)
                              ./source/main.o (memcpy)
/opt/Freescale/KDS_v3/toolchain/bin/../lib/gcc/arm-none-eabi/4.8.4/../../../../arm-none-eabi/lib/armv6-m/libg_s.a(lib_a-memmove.o)
                              ./utilities/fsl_shell.o (memmove)
/opt/Freescale/KDS_v3/toolchain/bin/../lib/gcc/arm-none-eabi/4.8.4/../../../../arm-none-eabi/lib/armv6-m/libg_s.a(lib_a-memset.o)
                              /opt/Freescale/KDS_v3/toolchain/bin/../lib/gcc/arm-none-eabi/4.8.4/../../../../arm-none-eabi/lib/armv6-m/crt0.o (memset)
/opt/Freescale/KDS_v3/toolchain/bin/../lib/gcc/arm-none-eabi/4.8.4/../../../../arm-none-eabi/lib/armv6-m/libg_s.a(lib_a-signal.o)
                              /opt/Freescale/KDS_v3/toolchain/bin/../lib/gcc/arm-none-eabi/4.8.4/../../../../arm-none-eabi/lib/armv6-m/libg_s.a(lib_a-abort.o) (raise)
/opt/Freescale/KDS_v3/toolchain/bin/../lib/gcc/arm-none-eabi/4.8.4/../../../../arm-none-eabi/lib/armv6-m/libg_s.a(lib_a-signalr.o)
                              /opt/Freescale/KDS_v3/toolchain/bin/../lib/gcc/arm-none-eabi/4.8.4/../../../../arm-none-eabi/lib/armv6-m/libg_s.a(lib_a-signal.o) (_kill_r)
[...]
Memory Configuration

Name             Origin             Length             Attributes
m_interrupts     0x00000000         0x00000200         xr
m_flash_config   0x00000400         0x00000010         xr
m_text           0x00000410         0x0001fbf0         xr
m_data           0x1ffff000         0x00004000         rw
*default*        0x00000000         0xffffffff

Linker script and memory map

LOAD /opt/Freescale/KDS_v3/toolchain/bin/../lib/gcc/arm-none-eabi/4.8.4/armv6-m/crti.o
LOAD /opt/Freescale/KDS_v3/toolchain/bin/../lib/gcc/arm-none-eabi/4.8.4/armv6-m/crtbegin.o
LOAD /opt/Freescale/KDS_v3/toolchain/bin/../lib/gcc/arm-none-eabi/4.8.4/../../../../arm-none-eabi/lib/armv6-m/crt0.o
LOAD ./utilities/fsl_assert.o
LOAD ./utilities/fsl_debug_console.o
LOAD ./utilities/fsl_io.o
LOAD ./utilities/fsl_log.o
LOAD ./utilities/fsl_notifier.o
LOAD ./utilities/fsl_shell.o
LOAD ./utilities/fsl_str.o
LOAD ./startup/startup_MKE06Z4.o
LOAD ./source/main.o
LOAD ./drivers/fsl_acmp.o
LOAD ./drivers/fsl_adc.o
LOAD ./drivers/fsl_clock.o
LOAD ./drivers/fsl_common.o
LOAD ./drivers/fsl_flash.o
LOAD ./drivers/fsl_ftm.o
LOAD ./drivers/fsl_gpio.o
LOAD ./drivers/fsl_i2c.o
LOAD ./drivers/fsl_irq.o
LOAD ./drivers/fsl_kbi.o
LOAD ./drivers/fsl_mscan.o
LOAD ./drivers/fsl_pit.o
LOAD ./drivers/fsl_port.o
LOAD ./drivers/fsl_pwt.o
LOAD ./drivers/fsl_rtc.o
LOAD ./drivers/fsl_spi.o
LOAD ./drivers/fsl_tpm.o
LOAD ./drivers/fsl_uart.o
LOAD ./drivers/fsl_wdog8.o
LOAD ./board/board.o
LOAD ./board/clock_config.o
LOAD ./board/peripherals.o
LOAD ./board/pin_mux.o
LOAD ./LEDCube/led_cube.o
LOAD ./CMSIS/system_MKE06Z4.o
LOAD /opt/Freescale/KDS_v3/toolchain/bin/../lib/gcc/arm-none-eabi/4.8.4/../../../../arm-none-eabi/lib/armv6-m/libstdc++_s.a
LOAD /opt/Freescale/KDS_v3/toolchain/bin/../lib/gcc/arm-none-eabi/4.8.4/../../../../arm-none-eabi/lib/armv6-m/libm.a
START GROUP
LOAD /opt/Freescale/KDS_v3/toolchain/bin/../lib/gcc/arm-none-eabi/4.8.4/armv6-m/libgcc.a
LOAD /opt/Freescale/KDS_v3/toolchain/bin/../lib/gcc/arm-none-eabi/4.8.4/../../../../arm-none-eabi/lib/armv6-m/libg_s.a
LOAD /opt/Freescale/KDS_v3/toolchain/bin/../lib/gcc/arm-none-eabi/4.8.4/../../../../arm-none-eabi/lib/armv6-m/libc_s.a
END GROUP
START GROUP
LOAD /opt/Freescale/KDS_v3/toolchain/bin/../lib/gcc/arm-none-eabi/4.8.4/armv6-m/libgcc.a
LOAD /opt/Freescale/KDS_v3/toolchain/bin/../lib/gcc/arm-none-eabi/4.8.4/../../../../arm-none-eabi/lib/armv6-m/libc_s.a
LOAD /opt/Freescale/KDS_v3/toolchain/bin/../lib/gcc/arm-none-eabi/4.8.4/../../../../arm-none-eabi/lib/armv6-m/libnosys.a
END GROUP
START GROUP
LOAD /opt/Freescale/KDS_v3/toolchain/bin/../lib/gcc/arm-none-eabi/4.8.4/armv6-m/libgcc.a
LOAD /opt/Freescale/KDS_v3/toolchain/bin/../lib/gcc/arm-none-eabi/4.8.4/../../../../arm-none-eabi/lib/armv6-m/libc_s.a
LOAD /opt/Freescale/KDS_v3/toolchain/bin/../lib/gcc/arm-none-eabi/4.8.4/../../../../arm-none-eabi/lib/armv6-m/libnosys.a
END GROUP
LOAD /opt/Freescale/KDS_v3/toolchain/bin/../lib/gcc/arm-none-eabi/4.8.4/armv6-m/crtend.o
LOAD /opt/Freescale/KDS_v3/toolchain/bin/../lib/gcc/arm-none-eabi/4.8.4/armv6-m/crtn.o
                0x00000400                HEAP_SIZE = DEFINED (__heap_size__)?__heap_size__:0x400
                0x00000400                STACK_SIZE = DEFINED (__stack_size__)?__stack_size__:0x400

.interrupts     0x00000000       0xc0
                0x00000000                . = ALIGN (0x4)
 *(.isr_vector)
 .isr_vector    0x00000000       0xc0 ./startup/startup_MKE06Z4.o
                0x00000000                __isr_vector
                0x000000c0                . = ALIGN (0x4)

.flash_config   0x00000400       0x10
                0x00000400                . = ALIGN (0x4)
 *(.FlashConfig)
 .FlashConfig   0x00000400       0x10 ./startup/startup_MKE06Z4.o
                0x00000410                . = ALIGN (0x4)

.text           0x00000410     0x396c
                0x00000410                . = ALIGN (0x4)
 *(.text)
 .text          0x00000410       0x60 /opt/Freescale/KDS_v3/toolchain/bin/../lib/gcc/arm-none-eabi/4.8.4/armv6-m/crtbegin.o
 .text          0x00000470       0x78 /opt/Freescale/KDS_v3/toolchain/bin/../lib/gcc/arm-none-eabi/4.8.4/../../../../arm-none-eabi/lib/armv6-m/crt0.o
                0x00000470                _mainCRTStartup
                0x00000470                _start
 .text          0x000004e8       0xc4 ./startup/startup_MKE06Z4.o
                0x000004e8                Reset_Handler
                0x00000530                Reserved18_IRQHandler
                0x00000530                Reserved16_IRQHandler
                0x00000530                Reserved19_IRQHandler
                0x00000530                Reserved42_IRQHandler
                0x00000530                DefaultISR
                0x00000530                FTMRE_IRQHandler
                0x00000530                IRQ_IRQHandler
                0x00000530                FTM1_IRQHandler
                0x00000530                PIT_CH0_IRQHandler
                0x00000530                Reserved20_IRQHandler
                0x00000530                Reserved17_IRQHandler
                0x00000530                ADC_IRQHandler
                0x00000530                ACMP0_IRQHandler
                0x00000530                PWT_IRQHandler
                0x00000530                ICS_IRQHandler
                0x00000530                PIT_CH1_IRQHandler
                0x00000530                KBI0_IRQHandler
                0x00000530                PMC_IRQHandler
                0x00000530                FTM0_IRQHandler
                0x00000530                WDOG_IRQHandler
                0x00000530                FTM2_IRQHandler
                0x00000530                ACMP1_IRQHandler
                0x00000530                KBI1_IRQHandler
                0x00000534                NMI_Handler
                0x00000538                HardFault_Handler
                0x0000053c                SVC_Handler
                0x00000540                PendSV_Handler
                0x00000544                SysTick_Handler
                0x00000548                I2C0_IRQHandler
                0x0000054c                I2C1_IRQHandler
                0x00000550                SPI0_IRQHandler
                0x00000554                SPI1_IRQHandler
                0x00000558                UART0_IRQHandler
                0x0000055c                UART1_IRQHandler
                0x00000560                UART2_IRQHandler
                0x00000564                RTC_IRQHandler
                0x00000568                MSCAN_1_IRQHandler
                0x0000056c                MSCAN_2_IRQHandler
 .text          0x000005ac       0x9c /opt/Freescale/KDS_v3/toolchain/bin/../lib/gcc/arm-none-eabi/4.8.4/armv6-m/libgcc.a(_udivsi3.o)
                0x000005ac                __udivsi3
                0x000005ac                __aeabi_uidiv
                0x00000634                __aeabi_uidivmod
 .text          0x00000648       0xc0 /opt/Freescale/KDS_v3/toolchain/bin/../lib/gcc/arm-none-eabi/4.8.4/armv6-m/libgcc.a(_divsi3.o)
                0x00000648                __aeabi_idiv
                0x00000648                __divsi3
                0x000006f4                __aeabi_idivmod
 .text          0x00000708        0x4 /opt/Freescale/KDS_v3/toolchain/bin/../lib/gcc/arm-none-eabi/4.8.4/armv6-m/libgcc.a(_dvmd_tls.o)
                0x00000708                __aeabi_ldiv0
                0x00000708                __aeabi_idiv0
 .text          0x0000070c      0xa34 /opt/Freescale/KDS_v3/toolchain/bin/../lib/gcc/arm-none-eabi/4.8.4/armv6-m/libgcc.a(unwind-arm.o)
                0x000009e4                _Unwind_GetCFA
                0x000009e8                __gnu_Unwind_RaiseException
                0x00000a38                __gnu_Unwind_ForcedUnwind
                0x00000a4c                __gnu_Unwind_Resume
                0x00000a94                __gnu_Unwind_Resume_or_Rethrow
                0x00000ab0                _Unwind_Complete
                0x00000ab4                _Unwind_DeleteException
                0x00000ac4                _Unwind_VRS_Get
                0x00000b10                _Unwind_VRS_Set
                0x00000b60                __gnu_Unwind_Backtrace
                0x00000eb8                __aeabi_unwind_cpp_pr0
                0x00000ec4                __aeabi_unwind_cpp_pr1
                0x00000ed0                __aeabi_unwind_cpp_pr2
                0x00000edc                _Unwind_VRS_Pop
 .text          0x00001140      0x144 /opt/Freescale/KDS_v3/toolchain/bin/../lib/gcc/arm-none-eabi/4.8.4/armv6-m/libgcc.a(libunwind.o)
                0x00001140                __restore_core_regs
                0x00001140                restore_core_regs
                0x0000116c                __gnu_Unwind_Restore_VFP
                0x00001170                __gnu_Unwind_Save_VFP
                0x00001174                __gnu_Unwind_Restore_VFP_D
                0x00001178                __gnu_Unwind_Save_VFP_D
                0x0000117c                __gnu_Unwind_Restore_VFP_D_16_to_31
                0x00001180                __gnu_Unwind_Save_VFP_D_16_to_31
                0x00001184                __gnu_Unwind_Restore_WMMXD
                0x00001188                __gnu_Unwind_Save_WMMXD
                0x0000118c                __gnu_Unwind_Restore_WMMXC
                0x00001190                __gnu_Unwind_Save_WMMXC
                0x00001194                ___Unwind_RaiseException
                0x00001194                _Unwind_RaiseException
                0x000011c4                ___Unwind_Resume
                0x000011c4                _Unwind_Resume
                0x000011f4                _Unwind_Resume_or_Rethrow
                0x000011f4                ___Unwind_Resume_or_Rethrow
                0x00001224                ___Unwind_ForcedUnwind
                0x00001224                _Unwind_ForcedUnwind
                0x00001254                _Unwind_Backtrace
                0x00001254                ___Unwind_Backtrace
 .text          0x00001284      0x3a4 /opt/Freescale/KDS_v3/toolchain/bin/../lib/gcc/arm-none-eabi/4.8.4/armv6-m/libgcc.a(pr-support.o)
                0x000012d8                __gnu_unwind_execute
                0x000015d0                __gnu_unwind_frame
                0x000015f8                _Unwind_GetRegionStart
                0x00001604                _Unwind_GetLanguageSpecificData
                0x00001618                _Unwind_GetDataRelBase
                0x00001620                _Unwind_GetTextRelBase
 *(.text*)
 .text.__assert_func
                0x00001628       0x28 ./utilities/fsl_assert.o
                0x00001628                __assert_func
 .text.DbgConsole_Init
                0x00001650       0x4c ./utilities/fsl_debug_console.o
                0x00001650                DbgConsole_Init
 .text.DbgConsole_Printf
                0x0000169c       0x80 ./utilities/fsl_debug_console.o
                0x0000169c                DbgConsole_Printf
 .text.DbgConsole_RelocateLog
                0x0000171c       0x64 ./utilities/fsl_debug_console.o
 .text.UART_EnableTx
                0x00001780       0x40 ./utilities/fsl_io.o
 .text.UART_EnableRx
                0x000017c0       0x40 ./utilities/fsl_io.o
 .text.IO_Init  0x00001800       0x94 ./utilities/fsl_io.o
                0x00001800                IO_Init
 .text.IO_Transfer
                0x00001894       0x68 ./utilities/fsl_io.o
                0x00001894                IO_Transfer
 .text.LOG_Init
                0x000018fc       0x48 ./utilities/fsl_log.o
                0x000018fc                LOG_Init
 .text.LOG_Push
                0x00001944       0x44 ./utilities/fsl_log.o
                0x00001944                LOG_Push
 .text.LOG_Pop  0x00001988       0x54 ./utilities/fsl_log.o
                0x00001988                LOG_Pop
 .text.ConvertRadixNumToString
                0x000019dc      0x118 ./utilities/fsl_str.o
 .text.StrFormatPrintf
                0x00001af4      0x378 ./utilities/fsl_str.o
                0x00001af4                StrFormatPrintf
 .text._ZN8LED_CubeC2Ev
                0x00001e6c       0x20 ./source/main.o
                0x00001e6c                LED_Cube::LED_Cube()
                0x00001e6c                LED_Cube::LED_Cube()
 .text.main     0x00001e8c      0x54c ./source/main.o
                0x00001e8c                main
 .text.CLOCK_SetOutDiv
                0x000023d8       0x3c ./drivers/fsl_clock.o
 .text.CLOCK_GetICSExtClkFreq
                0x00002414       0x34 ./drivers/fsl_clock.o
 .text.CLOCK_GetFllExtRefClkFreq
                0x00002448       0x84 ./drivers/fsl_clock.o
 .text.CLOCK_GetFllRefClkFreq
                0x000024cc       0x30 ./drivers/fsl_clock.o
 .text.CLOCK_GetOscRangeFromFreq
                0x000024fc       0x48 ./drivers/fsl_clock.o
 .text.CLOCK_GetOsc0ErClkFreq
                0x00002544       0x4c ./drivers/fsl_clock.o
                0x00002544                CLOCK_GetOsc0ErClkFreq
 .text.CLOCK_GetFlashClkFreq
                0x00002590       0x50 ./drivers/fsl_clock.o
                0x00002590                CLOCK_GetFlashClkFreq
 .text.CLOCK_GetCoreSysClkFreq
                0x000025e0       0x2c ./drivers/fsl_clock.o
                0x000025e0                CLOCK_GetCoreSysClkFreq
 .text.CLOCK_GetTimerClkFreq
                0x0000260c       0x2c ./drivers/fsl_clock.o
                0x0000260c                CLOCK_GetTimerClkFreq
 .text.CLOCK_GetFreq
                0x00002638       0x8c ./drivers/fsl_clock.o
                0x00002638                CLOCK_GetFreq
 .text.CLOCK_SetSimConfig
                0x000026c4       0x44 ./drivers/fsl_clock.o
                0x000026c4                CLOCK_SetSimConfig
 .text.CLOCK_GetICSOutClkFreq
                0x00002708       0x68 ./drivers/fsl_clock.o
                0x00002708                CLOCK_GetICSOutClkFreq
 .text.CLOCK_GetFllFreq
                0x00002770       0x30 ./drivers/fsl_clock.o
                0x00002770                CLOCK_GetFllFreq
 .text.CLOCK_GetInternalRefClkFreq
                0x000027a0       0x28 ./drivers/fsl_clock.o
                0x000027a0                CLOCK_GetInternalRefClkFreq
 .text.CLOCK_GetICSFixedFreqClkFreq
                0x000027c8       0x30 ./drivers/fsl_clock.o
                0x000027c8                CLOCK_GetICSFixedFreqClkFreq
 .text.CLOCK_InitOsc0
                0x000027f8       0x80 ./drivers/fsl_clock.o
                0x000027f8                CLOCK_InitOsc0
 .text.CLOCK_SetFeeMode
                0x00002878       0xc8 ./drivers/fsl_clock.o
                0x00002878                CLOCK_SetFeeMode
 .text.CLOCK_BootToFeeMode
                0x00002940       0x2c ./drivers/fsl_clock.o
                0x00002940                CLOCK_BootToFeeMode
 .text.GPIO_PinInit
                0x0000296c       0xc8 ./drivers/fsl_gpio.o
                0x0000296c                GPIO_PinInit
 .text.GPIO_PinWrite
                0x00002a34       0x7c ./drivers/fsl_gpio.o
                0x00002a34                GPIO_PinWrite
 .text.I2C_TransferCommonIRQHandler
                0x00002ab0       0x58 ./drivers/fsl_i2c.o
 .text.I2C0_DriverIRQHandler
                0x00002b08       0x20 ./drivers/fsl_i2c.o
                0x00002b08                I2C0_DriverIRQHandler
 .text.I2C1_DriverIRQHandler
                0x00002b28       0x20 ./drivers/fsl_i2c.o
                0x00002b28                I2C1_DriverIRQHandler
 .text.MSCAN_DriverIRQHandler
                0x00002b48       0x48 ./drivers/fsl_mscan.o
                0x00002b48                MSCAN_DriverIRQHandler
 .text.PORT_SetPinSelect
                0x00002b90       0xd4 ./drivers/fsl_port.o
                0x00002b90                PORT_SetPinSelect
 .text.RTC_GetInterruptFlags
                0x00002c64       0x18 ./drivers/fsl_rtc.o
 .text.RTC_ClearInterruptFlags
                0x00002c7c       0x1c ./drivers/fsl_rtc.o
 .text.RTC_DriverIRQHandler
                0x00002c98       0x58 ./drivers/fsl_rtc.o
                0x00002c98                RTC_DriverIRQHandler
 .text.SPI_CommonIRQHandler
                0x00002cf0       0x54 ./drivers/fsl_spi.o
 .text.SPI0_DriverIRQHandler
                0x00002d44       0x40 ./drivers/fsl_spi.o
                0x00002d44                SPI0_DriverIRQHandler
 .text.SPI1_DriverIRQHandler
                0x00002d84       0x40 ./drivers/fsl_spi.o
                0x00002d84                SPI1_DriverIRQHandler
 .text.CLOCK_EnableClock
                0x00002dc4       0x34 ./drivers/fsl_uart.o
 .text.UART_GetInstance
                0x00002df8       0x60 ./drivers/fsl_uart.o
                0x00002df8                UART_GetInstance
 .text.UART_Init
                0x00002e58      0x22c ./drivers/fsl_uart.o
                0x00002e58                UART_Init
 .text.UART_GetDefaultConfig
                0x00003084       0x58 ./drivers/fsl_uart.o
                0x00003084                UART_GetDefaultConfig
 .text.UART_GetStatusFlags
                0x000030dc       0x28 ./drivers/fsl_uart.o
                0x000030dc                UART_GetStatusFlags
 .text.UART_WriteBlocking
                0x00003104       0x3c ./drivers/fsl_uart.o
                0x00003104                UART_WriteBlocking
 .text.UART_ReadBlocking
                0x00003140       0xac ./drivers/fsl_uart.o
                0x00003140                UART_ReadBlocking
 .text.UART0_DriverIRQHandler
                0x000031ec       0x24 ./drivers/fsl_uart.o
                0x000031ec                UART0_DriverIRQHandler
 .text.UART1_DriverIRQHandler
                0x00003210       0x24 ./drivers/fsl_uart.o
                0x00003210                UART1_DriverIRQHandler
 .text.UART2_DriverIRQHandler
                0x00003234       0x24 ./drivers/fsl_uart.o
                0x00003234                UART2_DriverIRQHandler
 .text.BOARD_InitDebugConsole
                0x00003258       0x2c ./board/board.o
                0x00003258                BOARD_InitDebugConsole
 .text.CLOCK_SetSimSafeDivs
                0x00003284       0x14 ./board/clock_config.o
 .text.CLOCK_SetInternalRefClkConfig
                0x00003298       0x30 ./board/clock_config.o
 .text.CLOCK_SetXtal0Freq
                0x000032c8       0x18 ./board/clock_config.o
 .text.BOARD_BootClockRUN
                0x000032e0       0x54 ./board/clock_config.o
                0x000032e0                BOARD_BootClockRUN
 .text.BOARD_InitPins
                0x00003334       0x18 ./board/pin_mux.o
                0x00003334                BOARD_InitPins
 .text._ZN8LED_Cube4InitE9LEDCube_t
                0x0000334c      0x104 ./LEDCube/led_cube.o
                0x0000334c                LED_Cube::Init(LEDCube_t)
 .text._ZN8LED_Cube4LoopEv
                0x00003450      0x19c ./LEDCube/led_cube.o
                0x00003450                LED_Cube::Loop()
 .text._ZN8LED_Cube13SetTimerPlaneEm
                0x000035ec       0x1c ./LEDCube/led_cube.o
                0x000035ec                LED_Cube::SetTimerPlane(unsigned long)
 .text._ZN8LED_Cube8SetValueEPA16_hPA4_h
                0x00003608      0x108 ./LEDCube/led_cube.o
                0x00003608                LED_Cube::SetValue(unsigned char (*) [16], unsigned char (*) [4])
 .text.SystemInit
                0x00003710       0x48 ./CMSIS/system_MKE06Z4.o
                0x00003710                SystemInit
 .text.abort    0x00003758        0xe /opt/Freescale/KDS_v3/toolchain/bin/../lib/gcc/arm-none-eabi/4.8.4/../../../../arm-none-eabi/lib/armv6-m/libg_s.a(lib_a-abort.o)
                0x00003758                abort
 *fill*         0x00003766        0x2 
 .text.exit     0x00003768       0x2c /opt/Freescale/KDS_v3/toolchain/bin/../lib/gcc/arm-none-eabi/4.8.4/../../../../arm-none-eabi/lib/armv6-m/libg_s.a(lib_a-exit.o)
                0x00003768                exit
 .text.__libc_init_array
                0x00003794       0x4c /opt/Freescale/KDS_v3/toolchain/bin/../lib/gcc/arm-none-eabi/4.8.4/../../../../arm-none-eabi/lib/armv6-m/libg_s.a(lib_a-init.o)
                0x00003794                __libc_init_array
 .text.memcpy   0x000037e0       0x12 /opt/Freescale/KDS_v3/toolchain/bin/../lib/gcc/arm-none-eabi/4.8.4/../../../../arm-none-eabi/lib/armv6-m/libg_s.a(lib_a-memcpy-stub.o)
                0x000037e0                memcpy
 .text.memset   0x000037f2       0x10 /opt/Freescale/KDS_v3/toolchain/bin/../lib/gcc/arm-none-eabi/4.8.4/../../../../arm-none-eabi/lib/armv6-m/libg_s.a(lib_a-memset.o)
                0x000037f2                memset
 .text._raise_r
                0x00003802       0x56 /opt/Freescale/KDS_v3/toolchain/bin/../lib/gcc/arm-none-eabi/4.8.4/../../../../arm-none-eabi/lib/armv6-m/libg_s.a(lib_a-signal.o)
                0x00003802                _raise_r
 .text.raise    0x00003858       0x14 /opt/Freescale/KDS_v3/toolchain/bin/../lib/gcc/arm-none-eabi/4.8.4/../../../../arm-none-eabi/lib/armv6-m/libg_s.a(lib_a-signal.o)
                0x00003858                raise
 .text._kill_r  0x0000386c       0x24 /opt/Freescale/KDS_v3/toolchain/bin/../lib/gcc/arm-none-eabi/4.8.4/../../../../arm-none-eabi/lib/armv6-m/libg_s.a(lib_a-signalr.o)
                0x0000386c                _kill_r
 .text._getpid_r
                0x00003890        0x8 /opt/Freescale/KDS_v3/toolchain/bin/../lib/gcc/arm-none-eabi/4.8.4/../../../../arm-none-eabi/lib/armv6-m/libg_s.a(lib_a-signalr.o)
                0x00003890                _getpid_r
 .text.strlen   0x00003898        0xe /opt/Freescale/KDS_v3/toolchain/bin/../lib/gcc/arm-none-eabi/4.8.4/../../../../arm-none-eabi/lib/armv6-m/libg_s.a(lib_a-strlen.o)
                0x00003898                strlen
 *fill*         0x000038a6        0x2 
 .text._getpid  0x000038a8       0x10 /opt/Freescale/KDS_v3/toolchain/bin/../lib/gcc/arm-none-eabi/4.8.4/../../../../arm-none-eabi/lib/armv6-m/libnosys.a(getpid.o)
                0x000038a8                _getpid
 .text._kill    0x000038b8       0x10 /opt/Freescale/KDS_v3/toolchain/bin/../lib/gcc/arm-none-eabi/4.8.4/../../../../arm-none-eabi/lib/armv6-m/libnosys.a(kill.o)
                0x000038b8                _kill
 .text._exit    0x000038c8        0x4 /opt/Freescale/KDS_v3/toolchain/bin/../lib/gcc/arm-none-eabi/4.8.4/../../../../arm-none-eabi/lib/armv6-m/libnosys.a(_exit.o)
                0x000038c8                _exit
 *(.rodata)
 .rodata        0x000038cc       0x40 ./utilities/fsl_assert.o
 .rodata        0x0000390c       0x50 ./utilities/fsl_debug_console.o
 .rodata        0x0000395c       0x24 ./utilities/fsl_io.o
 .rodata        0x00003980       0x30 ./utilities/fsl_log.o
 .rodata        0x000039b0       0x24 ./drivers/fsl_clock.o
 .rodata        0x000039d4       0x20 ./drivers/fsl_gpio.o
 .rodata        0x000039f4       0xa0 ./drivers/fsl_mscan.o
 .rodata        0x00003a94       0x9c ./drivers/fsl_spi.o
 .rodata        0x00003b30       0xac ./drivers/fsl_uart.o
 .rodata        0x00003bdc       0x2c ./LEDCube/led_cube.o
 *(.rodata*)
 .rodata.__func__.5738
                0x00003c08       0x10 ./utilities/fsl_debug_console.o
 .rodata.__func__.5476
                0x00003c18        0x8 ./utilities/fsl_io.o
 .rodata.__func__.5330
                0x00003c20        0xc ./utilities/fsl_log.o
 .rodata.CLOCK_GetFreq
                0x00003c2c       0x2c ./drivers/fsl_clock.o
 .rodata.__func__.5287
                0x00003c58       0x18 ./drivers/fsl_clock.o
 .rodata.__func__.5314
                0x00003c70       0x18 ./drivers/fsl_clock.o
 .rodata.s_gpioBases
                0x00003c88        0xc ./drivers/fsl_gpio.o
 .rodata.__func__.5338
                0x00003c94       0x10 ./drivers/fsl_gpio.o
 .rodata.__func__.5753
                0x00003ca4       0x18 ./drivers/fsl_mscan.o
 .rodata.__func__.5682
                0x00003cbc       0x18 ./drivers/fsl_spi.o
 .rodata.__func__.5686
                0x00003cd4       0x18 ./drivers/fsl_spi.o
 .rodata.s_uartBases
                0x00003cec        0xc ./drivers/fsl_uart.o
 .rodata.s_uartClock
                0x00003cf8        0xc ./drivers/fsl_uart.o
 .rodata.__func__.5483
                0x00003d04       0x14 ./drivers/fsl_uart.o
 .rodata.__func__.5499
                0x00003d18        0xc ./drivers/fsl_uart.o
 .rodata.__func__.5512
                0x00003d24       0x18 ./drivers/fsl_uart.o
 .rodata.__func__.5570
                0x00003d3c       0x14 ./drivers/fsl_uart.o
 .rodata.simConfig_BOARD_BootClockRUN
                0x00003d50        0x4 ./board/clock_config.o
                0x00003d50                simConfig_BOARD_BootClockRUN
 .rodata.oscConfig_BOARD_BootClockRUN
                0x00003d54        0x8 ./board/clock_config.o
                0x00003d54                oscConfig_BOARD_BootClockRUN
 .rodata.str1.1
                0x00003d5c        0x2 /opt/Freescale/KDS_v3/toolchain/bin/../lib/gcc/arm-none-eabi/4.8.4/../../../../arm-none-eabi/lib/armv6-m/libg_s.a(lib_a-impure.o)
 *fill*         0x00003d5e        0x2 
 .rodata._global_impure_ptr
                0x00003d60        0x4 /opt/Freescale/KDS_v3/toolchain/bin/../lib/gcc/arm-none-eabi/4.8.4/../../../../arm-none-eabi/lib/armv6-m/libg_s.a(lib_a-impure.o)
                0x00003d60                _global_impure_ptr
 *(.glue_7)
 .glue_7        0x00000000        0x0 linker stubs
 *(.glue_7t)
 .glue_7t       0x00000000        0x0 linker stubs
 *(.eh_frame)
 .eh_frame      0x00003d64        0x0 /opt/Freescale/KDS_v3/toolchain/bin/../lib/gcc/arm-none-eabi/4.8.4/armv6-m/crtbegin.o
 *(.init)
 .init          0x00003d64        0x4 /opt/Freescale/KDS_v3/toolchain/bin/../lib/gcc/arm-none-eabi/4.8.4/armv6-m/crti.o
                0x00003d64                _init
 .init          0x00003d68        0x8 /opt/Freescale/KDS_v3/toolchain/bin/../lib/gcc/arm-none-eabi/4.8.4/armv6-m/crtn.o
 *(.fini)
 .fini          0x00003d70        0x4 /opt/Freescale/KDS_v3/toolchain/bin/../lib/gcc/arm-none-eabi/4.8.4/armv6-m/crti.o
                0x00003d70                _fini
 .fini          0x00003d74        0x8 /opt/Freescale/KDS_v3/toolchain/bin/../lib/gcc/arm-none-eabi/4.8.4/armv6-m/crtn.o
                0x00003d7c                . = ALIGN (0x4)

.vfp11_veneer   0x00003d7c        0x0
 .vfp11_veneer  0x00000000        0x0 linker stubs

.v4_bx          0x00003d7c        0x0
 .v4_bx         0x00000000        0x0 linker stubs

.iplt           0x00003d7c        0x0
 .iplt          0x00000000        0x0 /opt/Freescale/KDS_v3/toolchain/bin/../lib/gcc/arm-none-eabi/4.8.4/armv6-m/crtbegin.o

.ARM.extab      0x00003d7c       0xc0
 *(.ARM.extab* .gnu.linkonce.armextab.*)
 .ARM.extab.text._ZN8LED_CubeC2Ev
                0x00003d7c        0x0 ./source/main.o
 .ARM.extab.text.main
                0x00003d7c        0xc ./source/main.o
 .ARM.extab.text._ZN8LED_Cube4InitE9LEDCube_t
                0x00003d88        0xc ./LEDCube/led_cube.o
 .ARM.extab.text._ZN8LED_Cube4LoopEv
                0x00003d94        0xc ./LEDCube/led_cube.o
 .ARM.extab     0x00003da0       0x6c /opt/Freescale/KDS_v3/toolchain/bin/../lib/gcc/arm-none-eabi/4.8.4/armv6-m/libgcc.a(unwind-arm.o)
 .ARM.extab     0x00003e0c       0x30 /opt/Freescale/KDS_v3/toolchain/bin/../lib/gcc/arm-none-eabi/4.8.4/armv6-m/libgcc.a(pr-support.o)

.ARM            0x00003e3c      0x108
                0x00003e3c                __exidx_start = .
 *(.ARM.exidx*)
 .ARM.exidx     0x00003e3c        0x8 /opt/Freescale/KDS_v3/toolchain/bin/../lib/gcc/arm-none-eabi/4.8.4/../../../../arm-none-eabi/lib/armv6-m/crt0.o
 .ARM.exidx.text._ZN8LED_CubeC2Ev
                0x00003f1c        0x0 ./source/main.o
                                  0x8 (size before relaxing)
 .ARM.exidx.text.main
                0x00003f1c       0x10 ./source/main.o
                                  0x8 (size before relaxing)
 .ARM.exidx.text._ZN8LED_Cube4InitE9LEDCube_t
                0x00003f2c        0x8 ./LEDCube/led_cube.o
 .ARM.exidx.text._ZN8LED_Cube4LoopEv
                0x00003f34        0x8 ./LEDCube/led_cube.o
 .ARM.exidx.text._ZN8LED_Cube13SetTimerPlaneEm
                0x00003f3c        0x8 ./LEDCube/led_cube.o
 .ARM.exidx.text._ZN8LED_Cube8SetValueEPA16_hPA4_h
                0x00003f44        0x0 ./LEDCube/led_cube.o
                                  0x8 (size before relaxing)
 .ARM.exidx     0x00003e44       0xa0 /opt/Freescale/KDS_v3/toolchain/bin/../lib/gcc/arm-none-eabi/4.8.4/armv6-m/libgcc.a(unwind-arm.o)
                                 0xd8 (size before relaxing)
 .ARM.exidx     0x00003ee4       0x38 /opt/Freescale/KDS_v3/toolchain/bin/../lib/gcc/arm-none-eabi/4.8.4/armv6-m/libgcc.a(pr-support.o)
                                 0x48 (size before relaxing)
                0x00003f44                __exidx_end = .

.rel.dyn        0x00003f44        0x0
 .rel.iplt      0x00000000        0x0 /opt/Freescale/KDS_v3/toolchain/bin/../lib/gcc/arm-none-eabi/4.8.4/armv6-m/crtbegin.o

.ctors          0x00003f44        0x0
                0x00003f44                __CTOR_LIST__ = .
 *crtbegin.o(.ctors)
 *crtbegin?.o(.ctors)
 *(EXCLUDE_FILE(*crtend.o *crtend?.o) .ctors)
 *(SORT(.ctors.*))
 *(.ctors)
                0x00003f44                __CTOR_END__ = .

.dtors          0x00003f44        0x0
                0x00003f44                __DTOR_LIST__ = .
 *crtbegin.o(.dtors)
 *crtbegin?.o(.dtors)
 *(EXCLUDE_FILE(*crtend.o *crtend?.o) .dtors)
 *(SORT(.dtors.*))
 *(.dtors)
                0x00003f44                __DTOR_END__ = .

.preinit_array  0x00003f44        0x0
                0x00003f44                PROVIDE (__preinit_array_start, .)
 *(.preinit_array*)
                0x00003f44                PROVIDE (__preinit_array_end, .)

.init_array     0x00003f44        0x4
                0x00003f44                PROVIDE (__init_array_start, .)
 *(SORT(.init_array.*))
 *(.init_array*)
 .init_array    0x00003f44        0x4 /opt/Freescale/KDS_v3/toolchain/bin/../lib/gcc/arm-none-eabi/4.8.4/armv6-m/crtbegin.o
                0x00003f48                PROVIDE (__init_array_end, .)

.fini_array     0x00003f48        0x4
                0x00003f48                PROVIDE (__fini_array_start, .)
 *(SORT(.fini_array.*))
 *(.fini_array*)
 .fini_array    0x00003f48        0x4 /opt/Freescale/KDS_v3/toolchain/bin/../lib/gcc/arm-none-eabi/4.8.4/armv6-m/crtbegin.o
                0x00003f4c                PROVIDE (__fini_array_end, .)
                0x00003f4c                __etext = .
                0x00003f4c                __DATA_ROM = .

.mtb            0x1ffff000        0x0
                0x1ffff000                . = ALIGN (0x8)
                0x1ffff000                _mtb_start = .
 *(.mtb_buf)
                0x1ffff000                . = ALIGN (0x8)
                0x1ffff000                _mtb_end = .

.data           0x1ffff000      0x188 load address 0x00003f4c
                0x1ffff000                . = ALIGN (0x4)
                0x1ffff000                __DATA_RAM = .
                0x1ffff000                __data_start__ = .
 *(.data)
 *(.data*)
 .data.ValueCathode
                0x1ffff000      0x100 ./source/main.o
                0x1ffff000                ValueCathode
 .data.ValueAnode
                0x1ffff100       0x10 ./source/main.o
                0x1ffff100                ValueAnode
 .data.timer    0x1ffff110        0x4 ./source/main.o
                0x1ffff110                timer
 .data.counter  0x1ffff114        0x4 ./source/main.o
                0x1ffff114                counter
 .data.s_slowIrcFreq
                0x1ffff118        0x4 ./drivers/fsl_clock.o
 .data.SystemCoreClock
                0x1ffff11c        0x4 ./CMSIS/system_MKE06Z4.o
                0x1ffff11c                SystemCoreClock
 .data.impure_data
                0x1ffff120       0x60 /opt/Freescale/KDS_v3/toolchain/bin/../lib/gcc/arm-none-eabi/4.8.4/../../../../arm-none-eabi/lib/armv6-m/libg_s.a(lib_a-impure.o)
 .data._impure_ptr
                0x1ffff180        0x4 /opt/Freescale/KDS_v3/toolchain/bin/../lib/gcc/arm-none-eabi/4.8.4/../../../../arm-none-eabi/lib/armv6-m/libg_s.a(lib_a-impure.o)
                0x1ffff180                _impure_ptr
 *(.jcr*)
 .jcr           0x1ffff184        0x0 /opt/Freescale/KDS_v3/toolchain/bin/../lib/gcc/arm-none-eabi/4.8.4/armv6-m/crtbegin.o
 .jcr           0x1ffff184        0x4 /opt/Freescale/KDS_v3/toolchain/bin/../lib/gcc/arm-none-eabi/4.8.4/armv6-m/crtend.o
                0x1ffff188                . = ALIGN (0x4)
                0x1ffff188                __data_end__ = .
                0x000040d4                __DATA_END = (__DATA_ROM + (__data_end__ - __data_start__))
                0x00020000                text_end = (ORIGIN (m_text) + 0x1fbf0)
                0x00000001                ASSERT ((__DATA_END <= text_end), region m_text overflowed with text and data)

.igot.plt       0x1ffff188        0x0 load address 0x000040d4
 .igot.plt      0x00000000        0x0 /opt/Freescale/KDS_v3/toolchain/bin/../lib/gcc/arm-none-eabi/4.8.4/armv6-m/crtbegin.o

.bss            0x1ffff188       0x74 load address 0x000040d4
                0x1ffff188                . = ALIGN (0x4)
                0x1ffff188                __START_BSS = .
                0x1ffff188                __bss_start__ = .
 *(.bss)
 .bss           0x1ffff188       0x1c /opt/Freescale/KDS_v3/toolchain/bin/../lib/gcc/arm-none-eabi/4.8.4/armv6-m/crtbegin.o
 *(.bss*)
 .bss.s_debugConsoleIO
                0x1ffff1a4        0x8 ./utilities/fsl_io.o
 .bss.s_i2cHandle
                0x1ffff1ac        0x8 ./drivers/fsl_i2c.o
 .bss.s_i2cMasterIsr
                0x1ffff1b4        0x4 ./drivers/fsl_i2c.o
 .bss.s_i2cSlaveIsr
                0x1ffff1b8        0x4 ./drivers/fsl_i2c.o
 .bss.s_mscanHandle
                0x1ffff1bc        0x4 ./drivers/fsl_mscan.o
 .bss.s_mscanIsr
                0x1ffff1c0        0x4 ./drivers/fsl_mscan.o
 .bss.s_CurrentTimeSeconds
                0x1ffff1c4        0x4 ./drivers/fsl_rtc.o
 .bss.s_AlarmTimeSeconds
                0x1ffff1c8        0x4 ./drivers/fsl_rtc.o
 .bss.s_RtcAlarmCallback
                0x1ffff1cc        0x4 ./drivers/fsl_rtc.o
 .bss.s_spiHandle
                0x1ffff1d0        0x8 ./drivers/fsl_spi.o
 .bss.s_spiMasterIsr
                0x1ffff1d8        0x4 ./drivers/fsl_spi.o
 .bss.s_spiSlaveIsr
                0x1ffff1dc        0x4 ./drivers/fsl_spi.o
 .bss.s_uartHandle
                0x1ffff1e0        0xc ./drivers/fsl_uart.o
 .bss.s_uartIsr
                0x1ffff1ec        0x4 ./drivers/fsl_uart.o
 .bss._ZZN8LED_Cube4LoopEvE13index_cathode
                0x1ffff1f0        0x1 ./LEDCube/led_cube.o
 .bss._ZZN8LED_Cube4LoopEvE11index_anode
                0x1ffff1f1        0x1 ./LEDCube/led_cube.o
 *(COMMON)
 *fill*         0x1ffff1f2        0x2 
 COMMON         0x1ffff1f4        0x4 ./drivers/fsl_clock.o
                0x1ffff1f4                g_xtal0Freq
 COMMON         0x1ffff1f8        0x4 /opt/Freescale/KDS_v3/toolchain/bin/../lib/gcc/arm-none-eabi/4.8.4/../../../../arm-none-eabi/lib/armv6-m/libg_s.a(lib_a-reent.o)
                0x1ffff1f8                errno
                0x1ffff1fc                . = ALIGN (0x4)
                0x1ffff1fc                __bss_end__ = .
                0x1ffff1fc                __END_BSS = .

.heap           0x1ffff1fc      0x404 load address 0x00004148
                0x1ffff200                . = ALIGN (0x8)
 *fill*         0x1ffff1fc        0x4 
                0x1ffff200                __end__ = .
                0x1ffff200                PROVIDE (end, .)
                0x1ffff200                __HeapBase = .
                0x1ffff600                . = (. + HEAP_SIZE)
 *fill*         0x1ffff200      0x400 
                0x1ffff600                __HeapLimit = .
                0x1ffff600                __heap_limit = .

.stack          0x1ffff600      0x400 load address 0x0000454c
                0x1ffff600                . = ALIGN (0x8)
                0x1ffffa00                . = (. + STACK_SIZE)
 *fill*         0x1ffff600      0x400 
                0x20003000                __StackTop = (ORIGIN (m_data) + 0x4000)
                0x20002c00                __StackLimit = (__StackTop - STACK_SIZE)
                0x20003000                PROVIDE (__stack, __StackTop)

.ARM.attributes
                0x00000000       0x28
 *(.ARM.attributes)
 .ARM.attributes
                0x00000000       0x1e /opt/Freescale/KDS_v3/toolchain/bin/../lib/gcc/arm-none-eabi/4.8.4/armv6-m/crti.o
 .ARM.attributes
                0x0000001e       0x2c /opt/Freescale/KDS_v3/toolchain/bin/../lib/gcc/arm-none-eabi/4.8.4/armv6-m/crtbegin.o
 .ARM.attributes
                0x0000004a       0x1b /opt/Freescale/KDS_v3/toolchain/bin/../lib/gcc/arm-none-eabi/4.8.4/../../../../arm-none-eabi/lib/armv6-m/crt0.o
 .ARM.attributes
                0x00000065       0x32 ./utilities/fsl_assert.o
 .ARM.attributes
                0x00000097       0x32 ./utilities/fsl_debug_console.o
 .ARM.attributes
                0x000000c9       0x32 ./utilities/fsl_io.o
 .ARM.attributes
                0x000000fb       0x32 ./utilities/fsl_log.o
 .ARM.attributes
                0x0000012d       0x32 ./utilities/fsl_str.o
 .ARM.attributes
                0x0000015f       0x1b ./startup/startup_MKE06Z4.o
 .ARM.attributes
                0x0000017a       0x32 ./source/main.o
 .ARM.attributes
                0x000001ac       0x32 ./drivers/fsl_clock.o
 .ARM.attributes
                0x000001de       0x32 ./drivers/fsl_gpio.o
 .ARM.attributes
                0x00000210       0x32 ./drivers/fsl_i2c.o
 .ARM.attributes
                0x00000242       0x32 ./drivers/fsl_mscan.o
 .ARM.attributes
                0x00000274       0x32 ./drivers/fsl_port.o
 .ARM.attributes
                0x000002a6       0x32 ./drivers/fsl_rtc.o
 .ARM.attributes
                0x000002d8       0x32 ./drivers/fsl_spi.o
 .ARM.attributes
                0x0000030a       0x32 ./drivers/fsl_uart.o
 .ARM.attributes
                0x0000033c       0x32 ./board/board.o
 .ARM.attributes
                0x0000036e       0x32 ./board/clock_config.o
 .ARM.attributes
                0x000003a0       0x32 ./board/pin_mux.o
 .ARM.attributes
                0x000003d2       0x32 ./LEDCube/led_cube.o
 .ARM.attributes
                0x00000404       0x32 ./CMSIS/system_MKE06Z4.o
 .ARM.attributes
                0x00000436       0x1e /opt/Freescale/KDS_v3/toolchain/bin/../lib/gcc/arm-none-eabi/4.8.4/armv6-m/libgcc.a(_udivsi3.o)
 .ARM.attributes
                0x00000454       0x1e /opt/Freescale/KDS_v3/toolchain/bin/../lib/gcc/arm-none-eabi/4.8.4/armv6-m/libgcc.a(_divsi3.o)
 .ARM.attributes
                0x00000472       0x1e /opt/Freescale/KDS_v3/toolchain/bin/../lib/gcc/arm-none-eabi/4.8.4/armv6-m/libgcc.a(_dvmd_tls.o)
 .ARM.attributes
                0x00000490       0x2c /opt/Freescale/KDS_v3/toolchain/bin/../lib/gcc/arm-none-eabi/4.8.4/../../../../arm-none-eabi/lib/armv6-m/libg_s.a(lib_a-exit.o)
 .ARM.attributes
                0x000004bc       0x2c /opt/Freescale/KDS_v3/toolchain/bin/../lib/gcc/arm-none-eabi/4.8.4/../../../../arm-none-eabi/lib/armv6-m/libg_s.a(lib_a-impure.o)
 .ARM.attributes
                0x000004e8       0x2c /opt/Freescale/KDS_v3/toolchain/bin/../lib/gcc/arm-none-eabi/4.8.4/../../../../arm-none-eabi/lib/armv6-m/libg_s.a(lib_a-init.o)
 .ARM.attributes
                0x00000514       0x2c /opt/Freescale/KDS_v3/toolchain/bin/../lib/gcc/arm-none-eabi/4.8.4/../../../../arm-none-eabi/lib/armv6-m/libg_s.a(lib_a-memcpy-stub.o)
 .ARM.attributes
                0x00000540       0x2c /opt/Freescale/KDS_v3/toolchain/bin/../lib/gcc/arm-none-eabi/4.8.4/../../../../arm-none-eabi/lib/armv6-m/libg_s.a(lib_a-memset.o)
 .ARM.attributes
                0x0000056c       0x2c /opt/Freescale/KDS_v3/toolchain/bin/../lib/gcc/arm-none-eabi/4.8.4/../../../../arm-none-eabi/lib/armv6-m/libg_s.a(lib_a-strlen.o)
 .ARM.attributes
                0x00000598       0x2c /opt/Freescale/KDS_v3/toolchain/bin/../lib/gcc/arm-none-eabi/4.8.4/../../../../arm-none-eabi/lib/armv6-m/libnosys.a(_exit.o)
 .ARM.attributes
                0x000005c4       0x2c /opt/Freescale/KDS_v3/toolchain/bin/../lib/gcc/arm-none-eabi/4.8.4/armv6-m/crtend.o
 .ARM.attributes
                0x000005f0       0x1e /opt/Freescale/KDS_v3/toolchain/bin/../lib/gcc/arm-none-eabi/4.8.4/armv6-m/crtn.o
                0x00000001                ASSERT ((__StackLimit >= __HeapLimit), region m_data overflowed with stack and heap)
OUTPUT(CuboLedKE06Z.elf elf32-littlearm)

.debug_info     0x00000000     0xb3d0
 .debug_info    0x00000000       0xf8 ./utilities/fsl_assert.o
 .debug_info    0x000000f8      0x3fe ./utilities/fsl_debug_console.o
 .debug_info    0x000004f6      0x640 ./utilities/fsl_io.o
 .debug_info    0x00000b36      0x378 ./utilities/fsl_log.o
 .debug_info    0x00000eae      0x502 ./utilities/fsl_str.o
 .debug_info    0x000013b0       0x7a ./startup/startup_MKE06Z4.o
 .debug_info    0x0000142a      0x577 ./source/main.o
 .debug_info    0x000019a1      0xb9c ./drivers/fsl_clock.o
 .debug_info    0x0000253d      0x92d ./drivers/fsl_gpio.o
 .debug_info    0x00002e6a     0x1b27 ./drivers/fsl_i2c.o
 .debug_info    0x00004991     0x1bc6 ./drivers/fsl_mscan.o
 .debug_info    0x00006557      0x6bc ./drivers/fsl_port.o
 .debug_info    0x00006c13      0xaf2 ./drivers/fsl_rtc.o
 .debug_info    0x00007705     0x152f ./drivers/fsl_spi.o
 .debug_info    0x00008c34     0x159b ./drivers/fsl_uart.o
 .debug_info    0x0000a1cf      0x1a9 ./board/board.o
 .debug_info    0x0000a378      0x5a5 ./board/clock_config.o
 .debug_info    0x0000a91d      0x347 ./board/pin_mux.o
 .debug_info    0x0000ac64      0x4c0 ./LEDCube/led_cube.o
 .debug_info    0x0000b124      0x2ac ./CMSIS/system_MKE06Z4.o

.debug_abbrev   0x00000000     0x1fc7
 .debug_abbrev  0x00000000       0x84 ./utilities/fsl_assert.o
 .debug_abbrev  0x00000084      0x16f ./utilities/fsl_debug_console.o
 .debug_abbrev  0x000001f3      0x1b2 ./utilities/fsl_io.o
 .debug_abbrev  0x000003a5      0x15b ./utilities/fsl_log.o
 .debug_abbrev  0x00000500      0x180 ./utilities/fsl_str.o
 .debug_abbrev  0x00000680       0x14 ./startup/startup_MKE06Z4.o
 .debug_abbrev  0x00000694      0x1ce ./source/main.o
 .debug_abbrev  0x00000862      0x272 ./drivers/fsl_clock.o
 .debug_abbrev  0x00000ad4      0x15d ./drivers/fsl_gpio.o
 .debug_abbrev  0x00000c31      0x2f7 ./drivers/fsl_i2c.o
 .debug_abbrev  0x00000f28      0x2f5 ./drivers/fsl_mscan.o
 .debug_abbrev  0x0000121d       0xea ./drivers/fsl_port.o
 .debug_abbrev  0x00001307      0x23f ./drivers/fsl_rtc.o
 .debug_abbrev  0x00001546      0x2ba ./drivers/fsl_spi.o
 .debug_abbrev  0x00001800      0x28f ./drivers/fsl_uart.o
 .debug_abbrev  0x00001a8f       0xc3 ./board/board.o
 .debug_abbrev  0x00001b52      0x12d ./board/clock_config.o
 .debug_abbrev  0x00001c7f       0x7b ./board/pin_mux.o
 .debug_abbrev  0x00001cfa      0x1d2 ./LEDCube/led_cube.o
 .debug_abbrev  0x00001ecc       0xfb ./CMSIS/system_MKE06Z4.o

.debug_aranges  0x00000000      0xa60
 .debug_aranges
                0x00000000       0x20 ./utilities/fsl_assert.o
 .debug_aranges
                0x00000020       0x68 ./utilities/fsl_debug_console.o
 .debug_aranges
                0x00000088       0x48 ./utilities/fsl_io.o
 .debug_aranges
                0x000000d0       0x58 ./utilities/fsl_log.o
 .debug_aranges
                0x00000128       0x38 ./utilities/fsl_str.o
 .debug_aranges
                0x00000160       0x20 ./startup/startup_MKE06Z4.o
 .debug_aranges
                0x00000180       0x28 ./source/main.o
 .debug_aranges
                0x000001a8      0x110 ./drivers/fsl_clock.o
 .debug_aranges
                0x000002b8       0x78 ./drivers/fsl_gpio.o
 .debug_aranges
                0x00000330      0x178 ./drivers/fsl_i2c.o
 .debug_aranges
                0x000004a8      0x180 ./drivers/fsl_mscan.o
 .debug_aranges
                0x00000628       0x30 ./drivers/fsl_port.o
 .debug_aranges
                0x00000658       0xa8 ./drivers/fsl_rtc.o
 .debug_aranges
                0x00000700      0x138 ./drivers/fsl_spi.o
 .debug_aranges
                0x00000838      0x140 ./drivers/fsl_uart.o
 .debug_aranges
                0x00000978       0x20 ./board/board.o
 .debug_aranges
                0x00000998       0x40 ./board/clock_config.o
 .debug_aranges
                0x000009d8       0x20 ./board/pin_mux.o
 .debug_aranges
                0x000009f8       0x40 ./LEDCube/led_cube.o
 .debug_aranges
                0x00000a38       0x28 ./CMSIS/system_MKE06Z4.o

.debug_ranges   0x00000000      0x910
 .debug_ranges  0x00000000       0x10 ./utilities/fsl_assert.o
 .debug_ranges  0x00000010       0x58 ./utilities/fsl_debug_console.o
 .debug_ranges  0x00000068       0x38 ./utilities/fsl_io.o
 .debug_ranges  0x000000a0       0x48 ./utilities/fsl_log.o
 .debug_ranges  0x000000e8       0x28 ./utilities/fsl_str.o
 .debug_ranges  0x00000110       0x18 ./source/main.o
 .debug_ranges  0x00000128      0x100 ./drivers/fsl_clock.o
 .debug_ranges  0x00000228       0x68 ./drivers/fsl_gpio.o
 .debug_ranges  0x00000290      0x168 ./drivers/fsl_i2c.o
 .debug_ranges  0x000003f8      0x170 ./drivers/fsl_mscan.o
 .debug_ranges  0x00000568       0x20 ./drivers/fsl_port.o
 .debug_ranges  0x00000588       0x98 ./drivers/fsl_rtc.o
 .debug_ranges  0x00000620      0x128 ./drivers/fsl_spi.o
 .debug_ranges  0x00000748      0x130 ./drivers/fsl_uart.o
 .debug_ranges  0x00000878       0x10 ./board/board.o
 .debug_ranges  0x00000888       0x30 ./board/clock_config.o
 .debug_ranges  0x000008b8       0x10 ./board/pin_mux.o
 .debug_ranges  0x000008c8       0x30 ./LEDCube/led_cube.o
 .debug_ranges  0x000008f8       0x18 ./CMSIS/system_MKE06Z4.o

.debug_macro    0x00000000     0xa1ea
 .debug_macro   0x00000000      0x187 ./utilities/fsl_assert.o
 .debug_macro   0x00000187      0x820 ./utilities/fsl_assert.o
 .debug_macro   0x000009a7       0x58 ./utilities/fsl_assert.o
 .debug_macro   0x000009ff       0x16 ./utilities/fsl_assert.o
 .debug_macro   0x00000a15       0x35 ./utilities/fsl_assert.o
 .debug_macro   0x00000a4a       0xa3 ./utilities/fsl_assert.o
 .debug_macro   0x00000aed       0x16 ./utilities/fsl_assert.o
 .debug_macro   0x00000b03       0x22 ./utilities/fsl_assert.o
 .debug_macro   0x00000b25       0x4a ./utilities/fsl_assert.o
 .debug_macro   0x00000b6f      0x209 ./utilities/fsl_assert.o
 .debug_macro   0x00000d78      0x166 ./utilities/fsl_assert.o
 .debug_macro   0x00000ede       0x52 ./utilities/fsl_assert.o
 .debug_macro   0x00000f30       0x16 ./utilities/fsl_assert.o
 .debug_macro   0x00000f46       0x43 ./utilities/fsl_assert.o
 .debug_macro   0x00000f89      0x180 ./utilities/fsl_assert.o
 .debug_macro   0x00001109      0x2a6 ./utilities/fsl_assert.o
 .debug_macro   0x000013af       0x10 ./utilities/fsl_assert.o
 .debug_macro   0x000013bf       0x35 ./utilities/fsl_assert.o
 .debug_macro   0x000013f4       0x1f ./utilities/fsl_assert.o
 .debug_macro   0x00001413       0x10 ./utilities/fsl_assert.o
 .debug_macro   0x00001423       0x3f ./utilities/fsl_assert.o
 .debug_macro   0x00001462       0x1c ./utilities/fsl_assert.o
 .debug_macro   0x0000147e       0x22 ./utilities/fsl_assert.o
 .debug_macro   0x000014a0       0xa9 ./utilities/fsl_assert.o
 .debug_macro   0x00001549      0x37c ./utilities/fsl_assert.o
 .debug_macro   0x000018c5       0x22 ./utilities/fsl_assert.o
 .debug_macro   0x000018e7     0x45b0 ./utilities/fsl_assert.o
 .debug_macro   0x00005e97      0xa1e ./utilities/fsl_assert.o
 .debug_macro   0x000068b5       0x46 ./utilities/fsl_assert.o
 .debug_macro   0x000068fb       0xac ./utilities/fsl_assert.o
 .debug_macro   0x000069a7       0x5f ./utilities/fsl_assert.o
 .debug_macro   0x00006a06       0x28 ./utilities/fsl_assert.o
 .debug_macro   0x00006a2e      0x1e1 ./utilities/fsl_debug_console.o
 .debug_macro   0x00006c0f       0x58 ./utilities/fsl_debug_console.o
 .debug_macro   0x00006c67       0x16 ./utilities/fsl_debug_console.o
 .debug_macro   0x00006c7d      0x10e ./utilities/fsl_debug_console.o
 .debug_macro   0x00006d8b       0x7f ./utilities/fsl_debug_console.o
 .debug_macro   0x00006e0a       0x16 ./utilities/fsl_debug_console.o
 .debug_macro   0x00006e20       0x29 ./utilities/fsl_debug_console.o
 .debug_macro   0x00006e49      0x20f ./utilities/fsl_debug_console.o
 .debug_macro   0x00007058       0x22 ./utilities/fsl_debug_console.o
 .debug_macro   0x0000707a       0x4a ./utilities/fsl_debug_console.o
 .debug_macro   0x000070c4      0x1a0 ./utilities/fsl_io.o
 .debug_macro   0x00007264       0x10 ./utilities/fsl_io.o
 .debug_macro   0x00007274      0x1d3 ./utilities/fsl_log.o
 .debug_macro   0x00007447      0x1db ./utilities/fsl_str.o
 .debug_macro   0x00007622      0x1e1 ./utilities/fsl_str.o
 .debug_macro   0x00007803      0x1d6 ./source/main.o
 .debug_macro   0x000079d9      0x83e ./source/main.o
 .debug_macro   0x00008217       0xa3 ./source/main.o
 .debug_macro   0x000082ba       0x16 ./source/main.o
 .debug_macro   0x000082d0       0x28 ./source/main.o
 .debug_macro   0x000082f8       0x1c ./source/main.o
 .debug_macro   0x00008314      0x174 ./source/main.o
 .debug_macro   0x00008488       0x43 ./source/main.o
 .debug_macro   0x000084cb      0x2ad ./source/main.o
 .debug_macro   0x00008778       0x35 ./source/main.o
 .debug_macro   0x000087ad      0x37c ./source/main.o
 .debug_macro   0x00008b29       0x10 ./source/main.o
 .debug_macro   0x00008b39       0xf1 ./source/main.o
 .debug_macro   0x00008c2a       0x10 ./source/main.o
 .debug_macro   0x00008c3a       0x16 ./source/main.o
 .debug_macro   0x00008c50      0x1c0 ./drivers/fsl_clock.o
 .debug_macro   0x00008e10      0x19a ./drivers/fsl_gpio.o
 .debug_macro   0x00008faa      0x18d ./drivers/fsl_i2c.o
 .debug_macro   0x00009137       0x16 ./drivers/fsl_i2c.o
 .debug_macro   0x0000914d      0x194 ./drivers/fsl_mscan.o
 .debug_macro   0x000092e1      0x19f ./drivers/fsl_port.o
 .debug_macro   0x00009480       0x22 ./drivers/fsl_port.o
 .debug_macro   0x000094a2      0x1b2 ./drivers/fsl_rtc.o
 .debug_macro   0x00009654      0x18d ./drivers/fsl_spi.o
 .debug_macro   0x000097e1       0x10 ./drivers/fsl_spi.o
 .debug_macro   0x000097f1      0x194 ./drivers/fsl_uart.o
 .debug_macro   0x00009985      0x1a5 ./board/board.o
 .debug_macro   0x00009b2a       0x44 ./board/board.o
 .debug_macro   0x00009b6e       0x16 ./board/board.o
 .debug_macro   0x00009b84      0x18d ./board/clock_config.o
 .debug_macro   0x00009d11      0x191 ./board/pin_mux.o
 .debug_macro   0x00009ea2       0x28 ./board/pin_mux.o
 .debug_macro   0x00009eca      0x1d4 ./LEDCube/led_cube.o
 .debug_macro   0x0000a09e       0x9d ./CMSIS/system_MKE06Z4.o
 .debug_macro   0x0000a13b       0xaf ./CMSIS/system_MKE06Z4.o

.debug_line     0x00000000     0x6493
 .debug_line    0x00000000      0x355 ./utilities/fsl_assert.o
 .debug_line    0x00000355      0x49d ./utilities/fsl_debug_console.o
 .debug_line    0x000007f2      0x40b ./utilities/fsl_io.o
 .debug_line    0x00000bfd      0x436 ./utilities/fsl_log.o
 .debug_line    0x00001033      0x646 ./utilities/fsl_str.o
 .debug_line    0x00001679       0xc1 ./startup/startup_MKE06Z4.o
 .debug_line    0x0000173a      0x406 ./source/main.o
 .debug_line    0x00001b40      0x6c1 ./drivers/fsl_clock.o
 .debug_line    0x00002201      0x43b ./drivers/fsl_gpio.o
 .debug_line    0x0000263c      0xb1c ./drivers/fsl_i2c.o
 .debug_line    0x00003158      0x89f ./drivers/fsl_mscan.o
 .debug_line    0x000039f7      0x375 ./drivers/fsl_port.o
 .debug_line    0x00003d6c      0x56e ./drivers/fsl_rtc.o
 .debug_line    0x000042da      0x7d4 ./drivers/fsl_spi.o
 .debug_line    0x00004aae      0x8c6 ./drivers/fsl_uart.o
 .debug_line    0x00005374      0x36e ./board/board.o
 .debug_line    0x000056e2      0x397 ./board/clock_config.o
 .debug_line    0x00005a79      0x34a ./board/pin_mux.o
 .debug_line    0x00005dc3      0x47c ./LEDCube/led_cube.o
 .debug_line    0x0000623f      0x254 ./CMSIS/system_MKE06Z4.o

.debug_str      0x00000000    0x31438
 .debug_str     0x00000000    0x29d46 ./utilities/fsl_assert.o
                              0x2a0d2 (size before relaxing)
 .debug_str     0x00029d46      0x501 ./utilities/fsl_debug_console.o
                              0x2a63a (size before relaxing)
 .debug_str     0x0002a247      0x8ac ./utilities/fsl_io.o
                              0x2ab14 (size before relaxing)
 .debug_str     0x0002aaf3      0x1d8 ./utilities/fsl_log.o
                              0x2a46f (size before relaxing)
 .debug_str     0x0002accb      0xbc5 ./utilities/fsl_str.o
                              0x2afbf (size before relaxing)
 .debug_str     0x0002b890      0xf18 ./source/main.o
                              0x2b21c (size before relaxing)
 .debug_str     0x0002c7a8      0x9a0 ./drivers/fsl_clock.o
                              0x2afcf (size before relaxing)
 .debug_str     0x0002d148      0x195 ./drivers/fsl_gpio.o
                              0x2a82a (size before relaxing)
 .debug_str     0x0002d2dd      0xfe3 ./drivers/fsl_i2c.o
                              0x2b6c4 (size before relaxing)
 .debug_str     0x0002e2c0      0xdf9 ./drivers/fsl_mscan.o
                              0x2b874 (size before relaxing)
 .debug_str     0x0002f0b9      0xbf6 ./drivers/fsl_port.o
                              0x2acc9 (size before relaxing)
 .debug_str     0x0002fcaf      0x4b0 ./drivers/fsl_rtc.o
                              0x2ad4b (size before relaxing)
 .debug_str     0x0003015f      0x7d2 ./drivers/fsl_spi.o
                              0x2b2a6 (size before relaxing)
 .debug_str     0x00030931      0x88f ./drivers/fsl_uart.o
                              0x2b597 (size before relaxing)
 .debug_str     0x000311c0       0x37 ./board/board.o
                              0x2a9df (size before relaxing)
 .debug_str     0x000311f7      0x13c ./board/clock_config.o
                              0x2a8df (size before relaxing)
 .debug_str     0x00031333       0x22 ./board/pin_mux.o
                              0x2a886 (size before relaxing)
 .debug_str     0x00031355       0x39 ./LEDCube/led_cube.o
                              0x2ad37 (size before relaxing)
 .debug_str     0x0003138e       0xaa ./CMSIS/system_MKE06Z4.o
                              0x27149 (size before relaxing)

.comment        0x00000000       0x70
 .comment       0x00000000       0x70 ./utilities/fsl_assert.o
                                 0x71 (size before relaxing)
 .comment       0x00000000       0x71 ./utilities/fsl_debug_console.o
 .comment       0x00000000       0x71 ./utilities/fsl_io.o
 .comment       0x00000000       0x71 ./utilities/fsl_log.o
 .comment       0x00000000       0x71 ./utilities/fsl_str.o
 .comment       0x00000000       0x71 ./source/main.o
 .comment       0x00000000       0x71 ./drivers/fsl_clock.o
 .comment       0x00000000       0x71 ./drivers/fsl_gpio.o
 .comment       0x00000000       0x71 ./drivers/fsl_i2c.o
 .comment       0x00000000       0x71 ./drivers/fsl_mscan.o
 .comment       0x00000000       0x71 ./drivers/fsl_port.o
 .comment       0x00000000       0x71 ./drivers/fsl_rtc.o
 .comment       0x00000000       0x71 ./drivers/fsl_spi.o
 .comment       0x00000000       0x71 ./drivers/fsl_uart.o
 .comment       0x00000000       0x71 ./board/board.o
 .comment       0x00000000       0x71 ./board/clock_config.o
 .comment       0x00000000       0x71 ./board/pin_mux.o
 .comment       0x00000000       0x71 ./LEDCube/led_cube.o
 .comment       0x00000000       0x71 ./CMSIS/system_MKE06Z4.o

.debug_frame    0x00000000     0x23c4
 .debug_frame   0x00000000       0x30 ./utilities/fsl_assert.o
 .debug_frame   0x00000030      0x14c ./utilities/fsl_debug_console.o
 .debug_frame   0x0000017c       0xc8 ./utilities/fsl_io.o
 .debug_frame   0x00000244      0x108 ./utilities/fsl_log.o
 .debug_frame   0x0000034c       0x94 ./utilities/fsl_str.o
 .debug_frame   0x000003e0       0x54 ./source/main.o
 .debug_frame   0x00000434      0x3cc ./drivers/fsl_clock.o
 .debug_frame   0x00000800      0x190 ./drivers/fsl_gpio.o
 .debug_frame   0x00000990      0x588 ./drivers/fsl_i2c.o
 .debug_frame   0x00000f18      0x5ac ./drivers/fsl_mscan.o
 .debug_frame   0x000014c4       0x70 ./drivers/fsl_port.o
 .debug_frame   0x00001534      0x250 ./drivers/fsl_rtc.o
 .debug_frame   0x00001784      0x488 ./drivers/fsl_spi.o
 .debug_frame   0x00001c0c      0x498 ./drivers/fsl_uart.o
 .debug_frame   0x000020a4       0x30 ./board/board.o
 .debug_frame   0x000020d4       0xa4 ./board/clock_config.o
 .debug_frame   0x00002178       0x2c ./board/pin_mux.o
 .debug_frame   0x000021a4       0xb8 ./LEDCube/led_cube.o
 .debug_frame   0x0000225c       0x4c ./CMSIS/system_MKE06Z4.o
 .debug_frame   0x000022a8       0x20 /opt/Freescale/KDS_v3/toolchain/bin/../lib/gcc/arm-none-eabi/4.8.4/armv6-m/libgcc.a(_udivsi3.o)
 .debug_frame   0x000022c8       0x20 /opt/Freescale/KDS_v3/toolchain/bin/../lib/gcc/arm-none-eabi/4.8.4/armv6-m/libgcc.a(_divsi3.o)
 .debug_frame   0x000022e8       0x28 /opt/Freescale/KDS_v3/toolchain/bin/../lib/gcc/arm-none-eabi/4.8.4/../../../../arm-none-eabi/lib/armv6-m/libg_s.a(lib_a-exit.o)
 .debug_frame   0x00002310       0x2c /opt/Freescale/KDS_v3/toolchain/bin/../lib/gcc/arm-none-eabi/4.8.4/../../../../arm-none-eabi/lib/armv6-m/libg_s.a(lib_a-init.o)
 .debug_frame   0x0000233c       0x28 /opt/Freescale/KDS_v3/toolchain/bin/../lib/gcc/arm-none-eabi/4.8.4/../../../../arm-none-eabi/lib/armv6-m/libg_s.a(lib_a-memcpy-stub.o)
 .debug_frame   0x00002364       0x20 /opt/Freescale/KDS_v3/toolchain/bin/../lib/gcc/arm-none-eabi/4.8.4/../../../../arm-none-eabi/lib/armv6-m/libg_s.a(lib_a-memset.o)
 .debug_frame   0x00002384       0x20 /opt/Freescale/KDS_v3/toolchain/bin/../lib/gcc/arm-none-eabi/4.8.4/../../../../arm-none-eabi/lib/armv6-m/libg_s.a(lib_a-strlen.o)
 .debug_frame   0x000023a4       0x20 /opt/Freescale/KDS_v3/toolchain/bin/../lib/gcc/arm-none-eabi/4.8.4/../../../../arm-none-eabi/lib/armv6-m/libnosys.a(_exit.o)

.stabstr        0x00000000       0x76
 .stabstr       0x00000000       0x76 /opt/Freescale/KDS_v3/toolchain/bin/../lib/gcc/arm-none-eabi/4.8.4/../../../../arm-none-eabi/lib/armv6-m/libnosys.a(getpid.o)
